// Jest Snapshot v1, https://goo.gl/fbAQLP

exports[`renders correctly 1`] = `
<RCTScrollView>
  <View>
    <View
      style={
        Object {
          "display": "flex",
          "flex": 1,
        }
      }
    >
      Data
    </View>
  </View>
</RCTScrollView>
`;
